tinyosc.c:37:10:ntohll	104	static
tinyosc.c:69:5:tosc_parseMessage	32	static
tinyosc.c:91:6:tosc_isBundle	16	static
tinyosc.c:95:6:tosc_parseBundle	24	static
tinyosc.c:102:10:tosc_getTimetag	16	static
tinyosc.c:106:10:tosc_getBundleLength	16	static
tinyosc.c:110:6:tosc_getNextMessage	24	static
tinyosc.c:118:7:tosc_getAddress	16	static
tinyosc.c:122:7:tosc_getFormat	16	static
tinyosc.c:126:10:tosc_getLength	16	static
tinyosc.c:130:9:tosc_getNextInt32	24	static
tinyosc.c:137:9:tosc_getNextInt64	24	static
tinyosc.c:143:10:tosc_getNextTimetag	16	static
tinyosc.c:147:7:tosc_getNextFloat	24	static
tinyosc.c:154:8:tosc_getNextDouble	24	static
tinyosc.c:160:13:tosc_getNextString	24	static
tinyosc.c:169:6:tosc_getNextBlob	32	static
tinyosc.c:182:16:tosc_getNextMidi	24	static
tinyosc.c:188:15:tosc_reset	24	static
tinyosc.c:196:6:tosc_writeBundle	40	static
tinyosc.c:207:17:tosc_vwrite	120	static
tinyosc.c:287:10:tosc_writeNextMessage	32	static
tinyosc.c:301:10:tosc_writeMessage	44	static
tinyosc.c:310:6:tosc_printOscBuffer	40	static
tinyosc.c:319:6:tosc_printMessage	56	static
