../Drivers/w25q/w25qxx.c:22:9:W25qxx_Spi	32	static
../Drivers/w25q/w25qxx.c:32:10:W25qxx_ReadID	24	static
../Drivers/w25q/w25qxx.c:44:6:W25qxx_ReadUniqID	24	static
../Drivers/w25q/w25qxx.c:54:6:W25qxx_WriteEnable	8	static
../Drivers/w25q/w25qxx.c:61:6:W25qxx_WriteDisable	8	static
../Drivers/w25q/w25qxx.c:68:9:W25qxx_ReadStatusRegister	24	static
../Drivers/w25q/w25qxx.c:88:6:W25qxx_WriteStatusRegister	16	static
../Drivers/w25q/w25qxx.c:104:6:W25qxx_WaitForWriteEnd	8	static
../Drivers/w25q/w25qxx.c:115:6:W25qxx_Init	16	static
../Drivers/w25q/w25qxx.c:232:6:W25qxx_EraseChip	16	static
../Drivers/w25q/w25qxx.c:252:6:W25qxx_EraseSector	16	static
../Drivers/w25q/w25qxx.c:282:6:W25qxx_EraseBlock	16	static
../Drivers/w25q/w25qxx.c:314:10:W25qxx_PageToSector	16	static
../Drivers/w25q/w25qxx.c:318:10:W25qxx_PageToBlock	16	static
../Drivers/w25q/w25qxx.c:322:10:W25qxx_SectorToBlock	16	static
../Drivers/w25q/w25qxx.c:326:10:W25qxx_SectorToPage	16	static
../Drivers/w25q/w25qxx.c:330:10:W25qxx_BlockToPage	16	static
../Drivers/w25q/w25qxx.c:334:6:W25qxx_IsEmptyPage	72	static
../Drivers/w25q/w25qxx.c:405:6:W25qxx_IsEmptySector	72	static
../Drivers/w25q/w25qxx.c:475:6:W25qxx_IsEmptyBlock	72	static
../Drivers/w25q/w25qxx.c:547:6:W25qxx_WriteByte	16	static
../Drivers/w25q/w25qxx.c:577:6:W25qxx_WritePage	24	static
../Drivers/w25q/w25qxx.c:625:6:W25qxx_WriteSector	40	static
../Drivers/w25q/w25qxx.c:661:6:W25qxx_WriteBlock	40	static
../Drivers/w25q/w25qxx.c:697:6:W25qxx_ReadByte	16	static
../Drivers/w25q/w25qxx.c:725:6:W25qxx_ReadBytes	24	static
../Drivers/w25q/w25qxx.c:766:6:W25qxx_ReadPage	24	static
../Drivers/w25q/w25qxx.c:812:6:W25qxx_ReadSector	40	static
../Drivers/w25q/w25qxx.c:848:6:W25qxx_ReadBlock	40	static
../Drivers/w25q/w25qxx.c:884:6:w25qReadingByUSB	16	static
../Drivers/w25q/w25qxx.c:889:6:w25qWritingByUSB	4120	static
../Drivers/w25q/w25qxx.c:907:6:readAndPrint_page	288	static
