../Drivers/apds_9960/apds9960.c:48:9:i2c1_read	32	static
../Drivers/apds_9960/apds9960.c:56:9:i2c1_write	32	static
../Drivers/apds_9960/apds9960.c:64:6:debugPutChar	16	static
../Drivers/apds_9960/apds9960.c:68:6:debugPutString	16	static
../Drivers/apds_9960/apds9960.c:72:9:getProximity	16	static
../Drivers/apds_9960/apds9960.c:93:5:apds9960init	16	static
../Drivers/apds_9960/apds9960.c:235:5:setMode	24	static
../Drivers/apds_9960/apds9960.c:283:9:getMode	16	static
../Drivers/apds_9960/apds9960.c:313:5:setLEDDrive	24	static
../Drivers/apds_9960/apds9960.c:354:5:setProximityGain	24	static
../Drivers/apds_9960/apds9960.c:395:5:setAmbientLightGain	24	static
../Drivers/apds_9960/apds9960.c:431:5:setProxIntLowThresh	16	static
../Drivers/apds_9960/apds9960.c:453:5:setProxIntHighThresh	16	static
../Drivers/apds_9960/apds9960.c:476:5:setLightIntLowThreshold	24	static
../Drivers/apds_9960/apds9960.c:512:5:setLightIntHighThreshold	24	static
../Drivers/apds_9960/apds9960.c:548:5:setGestureIntEnable	24	static
../Drivers/apds_9960/apds9960.c:593:5:setGestureWaitTime	24	static
../Drivers/apds_9960/apds9960.c:634:5:setGestureLEDDrive	24	static
../Drivers/apds_9960/apds9960.c:675:5:setGestureGain	24	static
../Drivers/apds_9960/apds9960.c:712:5:setGestureExitThresh	16	static
../Drivers/apds_9960/apds9960.c:735:5:setGestureEnterThresh	16	static
../Drivers/apds_9960/apds9960.c:758:5:enableGestureSensor	16	static
../Drivers/apds_9960/apds9960.c:820:6:resetGestureParameters	4	static
../Drivers/apds_9960/apds9960.c:856:5:setLEDBoost	24	static
../Drivers/apds_9960/apds9960.c:893:5:setGestureMode	24	static
../Drivers/apds_9960/apds9960.c:929:5:enablePower	8	static
../Drivers/apds_9960/apds9960.c:952:5:isGestureAvailable	16	static
../Drivers/apds_9960/apds9960.c:985:5:readGesture	160	static
../Drivers/apds_9960/apds9960.c:1115:5:processGestureData	48	static
../Drivers/apds_9960/apds9960.c:1327:5:decodeGesture	4	static
../Drivers/apds_9960/apds9960.c:1393:5:apds9960ReadSensor	16	static
