../Drivers/CMSIS/Include/core_cm4.h:2064:26:ITM_SendChar	16	static,ignoring_inline_asm
../Core/Src/main.c:178:5:calcSin	40	static
../Core/Src/main.c:190:5:_write	32	static
../Core/Src/main.c:198:6:HAL_GPIO_EXTI_Callback	16	static
../Core/Src/main.c:205:6:HAL_TIM_PWM_PulseFinishedCallback	16	static
../Core/Src/main.c:218:6:setMinBright	40	static
../Core/Src/main.c:228:6:setLedsBlack	32	static
../Core/Src/main.c:236:9:setLedEffect	80	static
../Core/Src/main.c:289:9:processLedEffect	80	static
../Core/Src/main.c:370:6:HAL_TIM_PeriodElapsedCallback	16	static
../Core/Src/main.c:393:6:CDC_report	16	static
../Core/Src/main.c:407:6:CDC_checkRecive	8	static
../Core/Src/main.c:415:6:w25qSetBlockProtectt	24	static
../Core/Src/main.c:430:6:HID_keyboard_report	16	static
../Core/Src/main.c:448:6:testModeColor	16	static
../Core/Src/main.c:459:6:testModeBright	16	static
../Core/Src/main.c:489:5:main	128	static
../Core/Src/main.c:679:6:SystemClock_Config	88	static
../Core/Src/main.c:728:6:Error_Handler	4	static,ignoring_inline_asm
