../Drivers/wiznet_Driver/Src/dhcp.c:247:6:default_ip_assign	8	static
../Drivers/wiznet_Driver/Src/dhcp.c:254:6:default_ip_update	8	static
../Drivers/wiznet_Driver/Src/dhcp.c:263:6:default_ip_conflict	8	static
../Drivers/wiznet_Driver/Src/dhcp.c:271:6:reg_dhcp_cbfunc	24	static
../Drivers/wiznet_Driver/Src/dhcp.c:285:6:makeDHCPMSG	24	static
../Drivers/wiznet_Driver/Src/dhcp.c:347:6:send_DHCP_DISCOVER	24	static
../Drivers/wiznet_Driver/Src/dhcp.c:411:6:send_DHCP_REQUEST	32	static
../Drivers/wiznet_Driver/Src/dhcp.c:505:6:send_DHCP_DECLINE	32	static
../Drivers/wiznet_Driver/Src/dhcp.c:565:8:parseDHCPMSG	56	static
../Drivers/wiznet_Driver/Src/dhcp.c:664:9:DHCP_run	16	static
../Drivers/wiznet_Driver/Src/dhcp.c:782:6:DHCP_stop	8	static
../Drivers/wiznet_Driver/Src/dhcp.c:787:9:check_DHCP_timeout	16	static
../Drivers/wiznet_Driver/Src/dhcp.c:833:8:check_DHCP_leasedIP	24	static
../Drivers/wiznet_Driver/Src/dhcp.c:867:6:DHCP_init	24	static
../Drivers/wiznet_Driver/Src/dhcp.c:896:6:reset_DHCP_timeout	4	static
../Drivers/wiznet_Driver/Src/dhcp.c:902:6:DHCP_time_handler	4	static
../Drivers/wiznet_Driver/Src/dhcp.c:906:6:getIPfromDHCP	16	static
../Drivers/wiznet_Driver/Src/dhcp.c:913:6:getGWfromDHCP	16	static
../Drivers/wiznet_Driver/Src/dhcp.c:920:6:getSNfromDHCP	16	static
../Drivers/wiznet_Driver/Src/dhcp.c:927:6:getDNSfromDHCP	16	static
../Drivers/wiznet_Driver/Src/dhcp.c:934:10:getDHCPLeasetime	4	static
../Drivers/wiznet_Driver/Src/dhcp.c:938:6:DHCP_proc	2072	static
