../Drivers/wiznet_Driver/Src/MQTTClient.c:25:6:NewMessageData	24	static
../Drivers/wiznet_Driver/Src/MQTTClient.c:30:9:getNextPacketId	16	static
../Drivers/wiznet_Driver/Src/MQTTClient.c:34:9:sendPacket	48	static
../Drivers/wiznet_Driver/Src/MQTTClient.c:56:6:MQTTClient	32	static
../Drivers/wiznet_Driver/Src/MQTTClient.c:74:9:decodePacket	56	static
../Drivers/wiznet_Driver/Src/MQTTClient.c:100:9:readPacket	56	static
../Drivers/wiznet_Driver/Src/MQTTClient.c:127:6:isTopicMatched	32	static
../Drivers/wiznet_Driver/Src/MQTTClient.c:154:9:deliverMessage	48	static
../Drivers/wiznet_Driver/Src/MQTTClient.c:181:9:keepalive	32	static
../Drivers/wiznet_Driver/Src/MQTTClient.c:204:9:cycle	104	static
../Drivers/wiznet_Driver/Src/MQTTClient.c:272:9:MQTTYield	32	static
../Drivers/wiznet_Driver/Src/MQTTClient.c:290:9:waitfor	32	static
../Drivers/wiznet_Driver/Src/MQTTClient.c:301:9:MQTTConnect	120	static
../Drivers/wiznet_Driver/Src/MQTTClient.c:344:9:MQTTSubscribe	96	static
../Drivers/wiznet_Driver/Src/MQTTClient.c:390:9:MQTTUnsubscribe	64	static
../Drivers/wiznet_Driver/Src/MQTTClient.c:421:9:MQTTPublish	112	static
../Drivers/wiznet_Driver/Src/MQTTClient.c:467:9:MQTTDisconnect	32	static
../Drivers/wiznet_Driver/Src/MQTTClient.c:482:5:MQTT_startUp	136	static
../Drivers/wiznet_Driver/Src/MQTTClient.c:522:5:mqtt_publish	48	static
