../Drivers/wiznet_Driver/Src/MQTTPacket.c:29:9:MQTTPacket_encode	24	static
../Drivers/wiznet_Driver/Src/MQTTPacket.c:57:9:MQTTPacket_decode	32	static
../Drivers/wiznet_Driver/Src/MQTTPacket.c:93:9:MQTTPacket_len	16	static
../Drivers/wiznet_Driver/Src/MQTTPacket.c:113:9:bufchar	24	static
../Drivers/wiznet_Driver/Src/MQTTPacket.c:122:9:MQTTPacket_decodeBuf	16	static
../Drivers/wiznet_Driver/Src/MQTTPacket.c:134:9:readInt	24	static
../Drivers/wiznet_Driver/Src/MQTTPacket.c:148:6:readChar	24	static
../Drivers/wiznet_Driver/Src/MQTTPacket.c:161:6:writeChar	16	static
../Drivers/wiznet_Driver/Src/MQTTPacket.c:173:6:writeInt	16	static
../Drivers/wiznet_Driver/Src/MQTTPacket.c:187:6:writeCString	24	static
../Drivers/wiznet_Driver/Src/MQTTPacket.c:196:9:getLenStringLen	24	static
../Drivers/wiznet_Driver/Src/MQTTPacket.c:203:6:writeMQTTString	24	static
../Drivers/wiznet_Driver/Src/MQTTPacket.c:224:9:readMQTTLenString	32	static
../Drivers/wiznet_Driver/Src/MQTTPacket.c:254:9:MQTTstrlen	32	static
../Drivers/wiznet_Driver/Src/MQTTPacket.c:273:9:MQTTPacket_equals	32	static
../Drivers/wiznet_Driver/Src/MQTTPacket.c:303:9:MQTTPacket_read	40	static
../Drivers/wiznet_Driver/Src/MQTTPacket.c:337:16:MQTTPacket_decodenb	32	static
../Drivers/wiznet_Driver/Src/MQTTPacket.c:385:9:MQTTPacket_readnb	40	static
